env: load .env
env: export EXPO_PUBLIC_APP_NAME EXPO_PUBLIC_API_BASE_URL EXPO_PUBLIC_FIREBASE_API_KEY EXPO_PUBLIC_FIREBASE_AUTH_DOMAIN EXPO_PUBLIC_FIREBASE_PROJECT_ID EXPO_PUBLIC_FIREBASE_STORAGE_BUCKET EXPO_PUBLIC_FIREBASE_MESSAGING_SENDER_ID EXPO_PUBLIC_FIREBASE_APP_ID EXPO_PUBLIC_GOOGLE_ANDROID_CLIENT_ID EXPO_PUBLIC_GOOGLE_WEB_CLIENT_ID EXPO_PUBLIC_GOOGLE_IOS_CLIENT_ID
Starting project at D:\Projects\MERAAI_CHATBOT\shopkabot-mobile-app
Starting Metro Bundler
Waiting on http://localhost:8084
Logs for your project will appear below.
 WARN  Attempted to import the module "D:\Projects\MERAAI_CHATBOT\shopkabot-mobile-app\node_modules\@firebase\auth\dist\rn\index.js" which is not listed in the "exports" of "D:\Projects\MERAAI_CHATBOT\shopkabot-mobile-app\node_modules\@firebase\auth" under the requested subpath "./dist/rn/index.js". Falling back to file-based resolution. Consider updating the call site or asking the package maintainer(s) to expose this API.
Web Bundled 806ms index.ts (1157 modules)
 LOG  [web] Logs will appear in the browser console
Web .\index.ts ░░░░░░░░░░░░░░░░  0.0% (0/1)
Web Bundled 49ms index.ts (1 module)
 LOG  [web] Logs will appear in the browser console
Web .\index.ts ░░░░░░░░░░░░░░░░  0.0% (0/1)
Web Bundled 50ms index.ts (1 module)
 LOG  [web] Logs will appear in the browser console
 WARN  Attempted to import the module "D:\Projects\MERAAI_CHATBOT\shopkabot-mobile-app\node_modules\@firebase\auth\dist\rn\index.js" which is not listed in the "exports" of "D:\Projects\MERAAI_CHATBOT\shopkabot-mobile-app\node_modules\@firebase\auth" under the requested subpath "./dist/rn/index.js". Falling back to file-based resolution. Consider updating the call site or asking the package maintainer(s) to expose this API.
 WARN  Attempted to import the module "D:\Projects\MERAAI_CHATBOT\shopkabot-mobile-app\node_modules\@firebase\auth\dist\rn\index.js" which is not listed in the "exports" of "D:\Projects\MERAAI_CHATBOT\shopkabot-mobile-app\node_modules\@firebase\auth" under the requested subpath "./dist/rn/index.js". Falling back to file-based resolution. Consider updating the call site or asking the package maintainer(s) to expose this API.
Web .\index.ts ░░░░░░░░░░░░░░░░  0.0% (0/1)
Web Bundled 59ms index.ts (1 module)
 LOG  [web] Logs will appear in the browser console
Web .\index.ts ░░░░░░░░░░░░░░░░  0.0% (0/1)
Web Bundled 47ms index.ts (1 module)
 LOG  [web] Logs will appear in the browser console
Web .\index.ts ░░░░░░░░░░░░░░░░  0.0% (0/1)
Web Bundled 50ms index.ts (1 module)
 LOG  [web] Logs will appear in the browser console
Web .\index.ts ░░░░░░░░░░░░░░░░  0.0% (0/1)
Web Bundled 54ms index.ts (1 module)
 LOG  [web] Logs will appear in the browser console
Web .\index.ts ░░░░░░░░░░░░░░░░  0.0% (0/1)
Web Bundled 50ms index.ts (1 module)
 LOG  [web] Logs will appear in the browser console
Web .\index.ts ░░░░░░░░░░░░░░░░  0.0% (0/1)
Web Bundled 50ms index.ts (1 module)
 LOG  [web] Logs will appear in the browser console
Web .\index.ts ░░░░░░░░░░░░░░░░  0.0% (0/1)
Web Bundled 48ms index.ts (1 module)
 LOG  [web] Logs will appear in the browser console
Unable to resolve "../screens/SubscriptionScreen" from "src\navigation\AppNavigator.tsx"
[0m [90m 16 |[39m [36mimport[39m { [33mReplyHistoryScreen[39m } [36mfrom[39m [32m"../screens/ReplyHistoryScreen"[39m[33m;[39m
 [90m 17 |[39m [36mimport[39m { [33mRulesScreen[39m } [36mfrom[39m [32m"../screens/RulesScreen"[39m[33m;[39m
[31m[1m>[22m[39m[90m 18 |[39m [36mimport[39m { [33mSubscriptionScreen[39m } [36mfrom[39m [32m"../screens/SubscriptionScreen"[39m[33m;[39m
 [90m    |[39m                                     [31m[1m^[22m[39m
 [90m 19 |[39m [36mimport[39m { [33mTestRulesScreen[39m } [36mfrom[39m [32m"../screens/TestRulesScreen"[39m[33m;[39m
 [90m 20 |[39m
 [90m 21 |[39m [36mconst[39m [33mDrawer[39m [33m=[39m createDrawerNavigator()[33m;[39m[0m

Import stack:

 src\navigation\AppNavigator.tsx
 | import "../screens/SubscriptionScreen"

 App.tsx
 | import "./src/navigation/AppNavigator"

 index.ts
 | import "./App"

 
 | import "./index.ts"

Web .\index.ts ░░░░░░░░░░░░░░░░  0.0% (0/1)
Web Bundled 52ms index.ts (1 module)
 LOG  [web] Logs will appear in the browser console
